I'm sorry, but errors were detected in your script. Please correct the
errors listed below, and try again.


File "game/script.rpy", line 38: expected statement.
    "O Dilema de Ana":
                     ^

Ren'Py Version: Ren'Py 8.2.1.24030407
Wed Nov 20 18:57:16 2024
